// Jest Snapshot v1, https://goo.gl/fbAQLP

exports[`RegisterForm Component calls registerAction on valid form submission 1`] = `
<DocumentFragment>
  <div
    class="flex items-center justify-center "
  >
    <div
      class="bg-white p-10 rounded-xl shadow-xl w-96 text-center"
    >
      <h2
        class="text-3xl font-bold text-gray-900 mb-2"
      >
        Create an Account
      </h2>
      <p
        class="text-gray-600 mb-6"
      >
        Sign up to get started
      </p>
      <form
        action="javascript:throw new Error('A React form was unexpectedly submitted. If you called form.submit() manually, consider using form.requestSubmit() instead. If you\\'re trying to use event.stopPropagation() in a submit event handler, consider also calling event.preventDefault().')"
        class="flex flex-col gap-4"
        data-testid="register-form"
      >
        <label
          class="text-gray-400 text-left text-sm font-medium"
          for="email"
        >
          Email
        </label>
        <input
          class="text-gray-600 w-full outline-none relative border rounded-lg flex items-center p-3  border-gray-300"
          id="email"
          name="email"
          required=""
          type="email"
          value=""
        />
        <label
          class="text-gray-400 text-left text-sm font-medium"
          for="password"
        >
          Password
        </label>
        <input
          class="text-gray-600 w-full outline-none relative border rounded-lg flex items-center p-3  border-gray-300"
          id="password"
          name="password"
          required=""
          type="password"
        />
        <label
          class="text-gray-400 text-left text-sm font-medium"
          for="confirmPassword"
        >
          Confirm Password
        </label>
        <input
          class="text-gray-600 w-full outline-none relative border rounded-lg flex items-center p-3  border-gray-300"
          id="confirmPassword"
          name="confirmPassword"
          required=""
          type="password"
        />
        <button
          class="bg-blue-600 text-white py-3 rounded-lg text-center hover:bg-blue-700 transition"
          type="submit"
        >
          Sign up
        </button>
      </form>
      <a
        href="/login"
      >
        <p
          class="text-gray-500 mt-2 text-sm cursor-pointer hover:underline"
        >
          Already have an account? Login
        </p>
      </a>
    </div>
  </div>
</DocumentFragment>
`;

exports[`RegisterForm Component renders registration form 1`] = `
<DocumentFragment>
  <div
    class="flex items-center justify-center "
  >
    <div
      class="bg-white p-10 rounded-xl shadow-xl w-96 text-center"
    >
      <h2
        class="text-3xl font-bold text-gray-900 mb-2"
      >
        Create an Account
      </h2>
      <p
        class="text-gray-600 mb-6"
      >
        Sign up to get started
      </p>
      <form
        action="javascript:throw new Error('A React form was unexpectedly submitted. If you called form.submit() manually, consider using form.requestSubmit() instead. If you\\'re trying to use event.stopPropagation() in a submit event handler, consider also calling event.preventDefault().')"
        class="flex flex-col gap-4"
        data-testid="register-form"
      >
        <label
          class="text-gray-400 text-left text-sm font-medium"
          for="email"
        >
          Email
        </label>
        <input
          class="text-gray-600 w-full outline-none relative border rounded-lg flex items-center p-3  border-gray-300"
          id="email"
          name="email"
          required=""
          type="email"
          value=""
        />
        <label
          class="text-gray-400 text-left text-sm font-medium"
          for="password"
        >
          Password
        </label>
        <input
          class="text-gray-600 w-full outline-none relative border rounded-lg flex items-center p-3  border-gray-300"
          id="password"
          name="password"
          required=""
          type="password"
        />
        <label
          class="text-gray-400 text-left text-sm font-medium"
          for="confirmPassword"
        >
          Confirm Password
        </label>
        <input
          class="text-gray-600 w-full outline-none relative border rounded-lg flex items-center p-3  border-gray-300"
          id="confirmPassword"
          name="confirmPassword"
          required=""
          type="password"
        />
        <button
          class="bg-blue-600 text-white py-3 rounded-lg text-center hover:bg-blue-700 transition"
          type="submit"
        >
          Sign up
        </button>
      </form>
      <a
        href="/login"
      >
        <p
          class="text-gray-500 mt-2 text-sm cursor-pointer hover:underline"
        >
          Already have an account? Login
        </p>
      </a>
    </div>
  </div>
</DocumentFragment>
`;

exports[`RegisterForm Component shows error when passwords do not match 1`] = `
<DocumentFragment>
  <div
    class="flex items-center justify-center "
  >
    <div
      class="bg-white p-10 rounded-xl shadow-xl w-96 text-center"
    >
      <h2
        class="text-3xl font-bold text-gray-900 mb-2"
      >
        Create an Account
      </h2>
      <p
        class="text-gray-600 mb-6"
      >
        Sign up to get started
      </p>
      <form
        action="javascript:throw new Error('A React form was unexpectedly submitted. If you called form.submit() manually, consider using form.requestSubmit() instead. If you\\'re trying to use event.stopPropagation() in a submit event handler, consider also calling event.preventDefault().')"
        class="flex flex-col gap-4"
        data-testid="register-form"
      >
        <label
          class="text-gray-400 text-left text-sm font-medium"
          for="email"
        >
          Email
        </label>
        <input
          class="text-gray-600 w-full outline-none relative border rounded-lg flex items-center p-3  border-gray-300"
          id="email"
          name="email"
          required=""
          type="email"
          value=""
        />
        <label
          class="text-gray-400 text-left text-sm font-medium"
          for="password"
        >
          Password
        </label>
        <input
          class="text-gray-600 w-full outline-none relative border rounded-lg flex items-center p-3  border-gray-300"
          id="password"
          name="password"
          required=""
          type="password"
        />
        <label
          class="text-gray-400 text-left text-sm font-medium"
          for="confirmPassword"
        >
          Confirm Password
        </label>
        <input
          class="text-gray-600 w-full outline-none relative border rounded-lg flex items-center p-3  border-gray-300"
          id="confirmPassword"
          name="confirmPassword"
          required=""
          type="password"
        />
        <button
          class="bg-blue-600 text-white py-3 rounded-lg text-center hover:bg-blue-700 transition"
          type="submit"
        >
          Sign up
        </button>
      </form>
      <a
        href="/login"
      >
        <p
          class="text-gray-500 mt-2 text-sm cursor-pointer hover:underline"
        >
          Already have an account? Login
        </p>
      </a>
    </div>
  </div>
</DocumentFragment>
`;
